# serializer version: 1
# name: test_clusterless_decoder_snapshot[posterior_summary]
  dict({
    'dtype': 'float32',
    'first_5': list([
      2.0166e-08,
      5.6273e-08,
      1.846e-07,
      6.1706e-07,
      1.963e-06,
    ]),
    'last_5': list([
      3.5348e-19,
      7.5131e-20,
      1.7549e-20,
      4.5974e-21,
      1.3327e-21,
    ]),
    'max': 0.18311,
    'mean': 0.011905,
    'min': 0.0,
    'shape': tuple(
      500,
      84,
    ),
    'std': 0.0316,
    'sum': 500.0,
  })
# ---
# name: test_clusterless_decoder_snapshot[state_probabilities]
  dict({
    'max': 1.000000238418579,
    'mean': 1.0,
    'min': 0.9999997615814209,
    'shape': tuple(
      500,
    ),
  })
# ---
# name: test_clusterless_encoding_model_snapshot[mean_rates_summary]
  dict({
    'n_electrodes': 4,
    'rates': list([
      0.05841168233646729,
      0.03140628125625125,
      0.033006601320264055,
      0.03180636127225445,
    ]),
  })
# ---
# name: test_clusterless_encoding_model_snapshot[occupancy_summary]
  dict({
    'max': 0.011862837709486485,
    'mean': 0.005550175439566374,
    'min': 0.0042543173767626286,
    'shape': tuple(
      84,
    ),
    'sum': 0.46621471643447876,
  })
# ---
# name: test_contfrag_clusterless_classifier_snapshot[posterior_summary]
  dict({
    'dtype': 'float32',
    'first_5': list([
      9.053e-05,
      9.0493e-05,
      9.0394e-05,
      9.0391e-05,
      9.1051e-05,
    ]),
    'last_5': list([
      0.0030183,
      0.0030607,
      0.0030958,
      0.003123,
      0.0031431,
    ]),
    'max': 0.18276,
    'mean': 0.0059524,
    'min': 9.3259e-17,
    'shape': tuple(
      500,
      168,
    ),
    'std': 0.022891,
    'sum': 500.0,
  })
# ---
# name: test_contfrag_clusterless_classifier_snapshot[state_probabilities]
  dict({
    'max_per_state': dict({
      'Continuous': 0.99992,
      'Fragmented': 0.23235,
    }),
    'mean_per_state': dict({
      'Continuous': 0.98987,
      'Fragmented': 0.01013,
    }),
    'min_per_state': dict({
      'Continuous': 0.76765,
      'Fragmented': 7.9473e-05,
    }),
    'shape': tuple(
      500,
      2,
    ),
    'states': list([
      np.str_('Continuous'),
      np.str_('Fragmented'),
    ]),
  })
# ---
# name: test_nonlocal_clusterless_detector_snapshot[clusterless_kde-algorithm_params0][posterior_summary]
  dict({
    'dtype': 'float32',
    'first_5': list([
      1.0,
      0.0,
      0.0,
      0.0,
      0.0,
    ]),
    'last_5': list([
      0.00042768,
      0.00043369,
      0.00043867,
      0.00044252,
      0.00044537,
    ]),
    'max': 1.0,
    'mean': 0.0058824,
    'min': 0.0,
    'shape': tuple(
      500,
      170,
    ),
    'std': 0.075578,
    'sum': 500.0,
  })
# ---
# name: test_nonlocal_clusterless_detector_snapshot[clusterless_kde-algorithm_params0][state_probabilities]
  dict({
    'max_per_state': dict({
      'Local': 1.0,
      'No-Spike': 0.12806,
      'Non-Local Continuous': 0.036682,
      'Non-Local Fragmented': 0.032924,
    }),
    'mean_per_state': dict({
      'Local': 0.98785,
      'No-Spike': 0.0076297,
      'Non-Local Continuous': 0.0031034,
      'Non-Local Fragmented': 0.0014132,
    }),
    'min_per_state': dict({
      'Local': 0.80233,
      'No-Spike': 0.0,
      'Non-Local Continuous': 0.0,
      'Non-Local Fragmented': 0.0,
    }),
    'shape': tuple(
      500,
      4,
    ),
    'states': list([
      np.str_('Local'),
      np.str_('No-Spike'),
      np.str_('Non-Local Continuous'),
      np.str_('Non-Local Fragmented'),
    ]),
  })
# ---
