# serializer version: 1
# name: test_contfrag_sorted_spikes_classifier_snapshot[posterior_summary]
  dict({
    'dtype': 'float32',
    'first_5': list([
      0.0080392,
      0.0080322,
      0.0080215,
      0.0080067,
      0.0079881,
    ]),
    'last_5': list([
      0.0035684,
      0.0035704,
      0.0035721,
      0.0035734,
      0.0035744,
    ]),
    'max': 0.27124,
    'mean': 0.005814,
    'min': 1.367e-31,
    'shape': tuple(
      97500,
      172,
    ),
    'std': 0.015417,
    'sum': 97500.0,
  })
# ---
# name: test_contfrag_sorted_spikes_classifier_snapshot[state_probabilities]
  dict({
    'max_per_state': dict({
      'Continuous': 0.99995,
      'Fragmented': 0.97542,
    }),
    'mean_per_state': dict({
      'Continuous': 0.76391,
      'Fragmented': 0.23609,
    }),
    'min_per_state': dict({
      'Continuous': 0.024578,
      'Fragmented': 4.9739e-05,
    }),
    'shape': tuple(
      97500,
      2,
    ),
    'states': list([
      np.str_('Continuous'),
      np.str_('Fragmented'),
    ]),
  })
# ---
# name: test_contfrag_sorted_spikes_classifier_snapshot[transitions_summary]
  dict({
    'shape': tuple(
      172,
      172,
    ),
    'sum_axis1_max': 2.0000000000000004,
    'sum_axis1_mean': 2.0,
    'sum_axis1_min': 1.9999999999999996,
    'sum_axis1_std': 1.9154948419142388e-16,
  })
# ---
# name: test_detector_encoding_model_snapshot[occupancy_summary]
  dict({
    'max': 0.022266,
    'mean': 0.0047568,
    'min': 0.002888,
    'shape': tuple(
      86,
    ),
    'sum': 0.40908,
  })
# ---
# name: test_detector_encoding_model_snapshot[place_fields_summary]
  dict({
    'argmax_positions': list([
      0,
      1,
      6,
      9,
      12,
    ]),
    'max_rates': list([
      0.0092713,
      0.0096508,
      0.0067968,
      0.0057894,
      0.0063839,
    ]),
    'mean_rates': list([
      0.00052358,
      0.00081813,
      0.00069724,
      0.00057971,
      0.00061568,
    ]),
    'n_neurons': 30,
    'place_field_shape': tuple(
      86,
    ),
  })
# ---
# name: test_nonlocal_detector_different_algorithms_snapshot[sorted_spikes_kde-algorithm_params0]
  dict({
    'max_per_state': dict({
      'Local': 1.0,
      'No-Spike': 0.56167,
      'Non-Local Continuous': 0.99878,
      'Non-Local Fragmented': 0.99527,
    }),
    'mean_per_state': dict({
      'Local': 0.79861,
      'No-Spike': 0.10931,
      'Non-Local Continuous': 0.051895,
      'Non-Local Fragmented': 0.04019,
    }),
    'min_per_state': dict({
      'Local': 1.1821e-29,
      'No-Spike': 0.0,
      'Non-Local Continuous': 0.0,
      'Non-Local Fragmented': 0.0,
    }),
    'shape': tuple(
      97500,
      4,
    ),
    'states': list([
      np.str_('Local'),
      np.str_('No-Spike'),
      np.str_('Non-Local Continuous'),
      np.str_('Non-Local Fragmented'),
    ]),
  })
# ---
# name: test_nonlocal_sorted_spikes_detector_snapshot[model_summary]
  dict({
    'discrete_state_transitions_shape': tuple(
      4,
      4,
    ),
    'discrete_state_transitions_sum_axis1': list([
      1.0,
      1.0,
      1.0,
      1.0,
    ]),
    'initial_conditions_shape': tuple(
      174,
    ),
    'initial_conditions_sum': 1.0,
    'n_position_bins': 86,
  })
# ---
# name: test_nonlocal_sorted_spikes_detector_snapshot[posterior_summary]
  dict({
    'dtype': 'float32',
    'first_5': list([
      1.0,
      0.0,
      0.0,
      0.0,
      0.0,
    ]),
    'last_5': list([
      0.00032199,
      0.00032217,
      0.00032233,
      0.00032245,
      0.00032254,
    ]),
    'max': 1.0,
    'mean': 0.0057471,
    'min': 0.0,
    'shape': tuple(
      97500,
      174,
    ),
    'std': 0.063376,
    'sum': 97500.0,
  })
# ---
# name: test_nonlocal_sorted_spikes_detector_snapshot[state_probabilities]
  dict({
    'max_per_state': dict({
      'Local': 1.0,
      'No-Spike': 0.56167,
      'Non-Local Continuous': 0.99878,
      'Non-Local Fragmented': 0.99527,
    }),
    'mean_per_state': dict({
      'Local': 0.79861,
      'No-Spike': 0.10931,
      'Non-Local Continuous': 0.051895,
      'Non-Local Fragmented': 0.04019,
    }),
    'min_per_state': dict({
      'Local': 1.1821e-29,
      'No-Spike': 0.0,
      'Non-Local Continuous': 0.0,
      'Non-Local Fragmented': 0.0,
    }),
    'shape': tuple(
      97500,
      4,
    ),
    'states': list([
      np.str_('Local'),
      np.str_('No-Spike'),
      np.str_('Non-Local Continuous'),
      np.str_('Non-Local Fragmented'),
    ]),
  })
# ---
# name: test_sorted_spikes_decoder_snapshot[posterior_summary]
  dict({
    'dtype': 'float32',
    'first_5': list([
      0.051603,
      0.051435,
      0.051135,
      0.050672,
      0.050043,
    ]),
    'last_5': list([
      7.5468e-14,
      8.6878e-14,
      9.4568e-14,
      9.1831e-14,
      7.0319e-14,
    ]),
    'max': 0.27174,
    'mean': 0.011628,
    'min': 0.0,
    'shape': tuple(
      97500,
      86,
    ),
    'std': 0.027333,
    'sum': 97500.0,
  })
# ---
# name: test_sorted_spikes_decoder_snapshot[state_probabilities]
  dict({
    'max': 1.0,
    'mean': 1.0,
    'min': 1.0,
    'shape': tuple(
      97500,
    ),
  })
# ---
