# serializer version: 1
# name: test_clusterless_kde_encoding_model_snapshot
  dict({
    'mean_rates': list([
      0.02,
      0.025,
      0.015,
    ]),
    'n_electrodes': 3,
    'n_encoding_spikes_per_electrode': list([
      4,
      5,
      3,
    ]),
    'occupancy_stats': dict({
      'max': 0.099429,
      'mean': 0.08876,
      'min': 0.064157,
      'shape': tuple(
        10,
      ),
      'std': 0.013278,
    }),
    'summed_ground_process_intensity_stats': dict({
      'max': 0.072133,
      'mean': 0.062109,
      'min': 0.055677,
      'shape': tuple(
        10,
      ),
      'std': 0.005668,
    }),
  })
# ---
# name: test_clusterless_kde_local_likelihood_snapshot
  dict({
    'dtype': 'float32',
    'first_5': list([
      -0.0053201,
      -5.7568,
      -5.7676,
      -0.018675,
      -0.018306,
    ]),
    'last_5': list([
      -5.7568,
      -5.7676,
      -0.018675,
      -0.018306,
      -0.0017273,
    ]),
    'max': -0.0017273,
    'mean': -1.9281,
    'min': -5.7676,
    'shape': tuple(
      6,
      1,
    ),
    'std': 2.7112,
    'sum': -11.568,
  })
# ---
# name: test_clusterless_kde_nonlocal_likelihood_snapshot
  dict({
    'dtype': 'float32',
    'first_5': list([
      -6.3137,
      -5.946,
      -6.0019,
      -6.4041,
      -6.6397,
    ]),
    'last_5': list([
      -0.036752,
      -0.034884,
      -0.026681,
      -0.015717,
      -0.0069221,
    ]),
    'max': -0.0069221,
    'mean': -4.354,
    'min': -10.636,
    'shape': tuple(
      11,
      10,
    ),
    'std': 3.3623,
    'sum': -478.94,
  })
# ---
