# serializer version: 1
# name: test_sorted_spikes_kde_encoding_model_snapshot
  dict({
    'mean_rates': list([
      0.024876,
      0.0199,
      0.024876,
      0.014925,
    ]),
    'n_neurons': 4,
    'no_spike_part_log_likelihood_stats': dict({
      'max': 0.094341,
      'mean': 0.085758,
      'min': 0.075753,
      'shape': tuple(
        10,
      ),
      'std': 0.0057322,
    }),
    'occupancy_stats': dict({
      'max': 0.099491,
      'mean': 0.090302,
      'min': 0.066261,
      'shape': tuple(
        10,
      ),
      'std': 0.012633,
    }),
    'place_fields_stats': dict({
      'max': 0.053524,
      'mean': 0.021439,
      'min': 0.0012178,
      'shape': tuple(
        4,
        10,
      ),
      'std': 0.010895,
    }),
  })
# ---
# name: test_sorted_spikes_kde_local_likelihood_snapshot
  dict({
    'dtype': 'float32',
    'first_5': list([
      -4.3847,
      -8.3175,
      -3.7031,
      -3.836,
      -3.8046,
    ]),
    'last_5': list([
      -8.3175,
      -3.7031,
      -3.836,
      -3.8046,
      -0.0060831,
    ]),
    'max': -0.0060831,
    'mean': -4.0086,
    'min': -8.3175,
    'shape': tuple(
      6,
      1,
    ),
    'std': 2.4115,
    'sum': -24.052,
  })
# ---
# name: test_sorted_spikes_kde_nonlocal_likelihood_snapshot
  dict({
    'dtype': 'float32',
    'first_5': list([
      -4.71,
      -4.0128,
      -3.9928,
      -4.0296,
      -3.3786,
    ]),
    'last_5': list([
      -0.063766,
      -0.056756,
      -0.050453,
      -0.045562,
      -0.035704,
    ]),
    'max': -0.026845,
    'mean': -3.2991,
    'min': -6.7167,
    'shape': tuple(
      11,
      10,
    ),
    'std': 1.6907,
    'sum': -362.9,
  })
# ---
